<?xml version="1.0" encoding="UTF-8"?><soapenv:Envelope xmlns:soapenv="http://schemas.xmlsoap.org/soap/envelope/" xmlns:exam="http://Example.org" xmlns:dpquery="http://www.datapower.com/param/query" xmlns:soap="http://schemas.xmlsoap.org/soap/envelope/"><soapenv:Header/><soapenv:Body><exam:SubtractResponse><exam:result>0</exam:result></exam:SubtractResponse></soapenv:Body></soapenv:Envelope>