<BMICalculator><candidate><firstname>Donald</firstname><lastname>D</lastname><age>55</age><gender>male</gender><date>23-03-2017</date><weight><kg>40</kg></weight><height><feet>5</feet><inches>8</inches></height><BMIMeasurement>underweight</BMIMeasurement></candidate></BMICalculator>