<env:Envelope xmlns:env="http://schemas.xmlsoap.org/soap/envelope/">
   <env:Body>
      <env:Fault>
         <faultcode>env:Client</faultcode>
         <faultstring>Internal Error (from client)</faultstring>
      </env:Fault>
   </env:Body>
</env:Envelope>