<BMICalculator><candidate><firstname>Kevin</firstname><lastname>Petters</lastname><age>25</age><gender>male</gender><date>23-03-2017</date><weight><kg>50</kg></weight><height><feet>5</feet><inches>0</inches></height><BMIMeasurement>overweight</BMIMeasurement></candidate></BMICalculator>