<BMICalculator><candidate><firstname>name cannot be blank</firstname></candidate></BMICalculator>